---
source: src/prelude/ast/to_str.rs
expression: result
---
[line    1] Assign:
[line    1] ├─── Variable: test
[line    1] ╰─── Literal: 1
