---
source: src/prelude/ast/to_str.rs
expression: result
---
[line    1] Logical: And 
[line    1] ├─── Literal: 1
[line    1] ╰─── Literal: 1
