---
source: src/prelude/ast/to_str.rs
expression: result
---
[line    1] Variable: RefCell { value: <Identifier   "test"        [1]> }
