---
source: src/llvm_compiler/mod.rs
expression: c.module.print_to_string().to_string()
---
; ModuleID = 'main'
source_filename = "main"

@anon = global { ptr } { ptr @anon_fn }

define i64 @anon_fn() {
entry:
  %x = alloca i64, align 8
  store i64 1, ptr %x, align 4
}
