---
source: src/parser/serenity_parser/test.rs
expression: ast
---
[line    1] Expression: 
[line    1] ╰─── Ref: 
[line    1]      ╰─── Variable: <Identifier   "val"         [1]>
