---
source: src/parser/serenity_parser/test.rs
expression: err
---
"[line 1] error at 'int' : Expect ';' or ':' or '=' after variable name.\n"
