---
source: src/parser/serenity_parser/test.rs
expression: ast
---
[line    1] Expression: 
[line    1] ╰─── Get: y
[line    1]      ╰─── Variable: x
