---
source: src/parser/serenity_parser/test.rs
expression: err
---
"[line 1] error at end : Expect ';' or '=' after variable name.\n"
