---
source: src/parser/serenity_parser/tests.rs
expression: err
---
[line 1] error at ':' : Expect variable name.
