---
source: src/parser/serenity_parser/test.rs
expression: ast
---
[line    1] Expression: 
[line    1] ╰─── Call:
[line    1]      ├─── Variable: <Identifier   "call"        [1]>
[line    1]      ├─── Variable: <Identifier   "arg1"        [1]>
[line    1]      ╰─── Variable: <Identifier   "arg2"        [1]>
