---
source: src/parser/serenity_parser/test.rs
expression: ast
---
[line    1] Var Declaration: a
