---
source: src/parser/serenity_parser/test.rs
expression: ast
---
[line    1] Expression: 
[line    1] ╰─── Binary: GreaterEqual
[line    1]      ├─── Variable: RefCell { value: <Identifier   "x"           [1]> }
[line    1]      ╰─── Variable: RefCell { value: <Identifier   "y"           [1]> }
