---
source: tests/integration_test.rs
expression: tokens
---
[
    "<Type         \"type\"        [1]>",
    "<Less         \"<\"           [1]>",
    "<Identifier   \"T\"           [1]>",
    "<Comma        \",\"           [1]>",
    "<Identifier   \"S\"           [1]>",
    "<Greater      \">\"           [1]>",
    "<Identifier   \"s\"           [1]>",
    "<Struct       \"struct\"      [1]>",
    "<LeftBrace    \"{\"           [1]>",
    "<Identifier   \"i\"           [2]>",
    "<Colon        \":\"           [2]>",
    "<Identifier   \"T\"           [2]>",
    "<Comma        \",\"           [2]>",
    "<Identifier   \"j\"           [3]>",
    "<Colon        \":\"           [3]>",
    "<Identifier   \"S\"           [3]>",
    "<RightBrace   \"}\"           [4]>",
    "<Semicolon    \";\"           [4]>",
    "<Fun          \"fn\"          [6]>",
    "<Identifier   \"main\"        [6]>",
    "<LeftParen    \"(\"           [6]>",
    "<RightParen   \")\"           [6]>",
    "<RightArrow   \"->\"          [6]>",
    "<SimpleType   \"int\"         [6]>",
    "<LeftBrace    \"{\"           [6]>",
    "<Var          \"let\"         [7]>",
    "<Identifier   \"s_conc\"      [7]>",
    "<Colon        \":\"           [7]>",
    "<Struct       \"struct\"      [7]>",
    "<Identifier   \"s\"           [7]>",
    "<Equal        \"=\"           [7]>",
    "<Struct       \"struct\"      [7]>",
    "<Identifier   \"s\"           [7]>",
    "<LeftBrace    \"{\"           [7]>",
    "<Identifier   \"i\"           [7]>",
    "<Colon        \":\"           [7]>",
    "<Number       \"6.2\"         [7]>",
    "<Comma        \",\"           [7]>",
    "<Identifier   \"j\"           [7]>",
    "<Colon        \":\"           [7]>",
    "<Number       \"0.0\"         [7]>",
    "<RightBrace   \"}\"           [7]>",
    "<Semicolon    \";\"           [7]>",
    "<Identifier   \"printf\"      [8]>",
    "<LeftParen    \"(\"           [8]>",
    "<String       \"\\\"%f\\\\n\\\"\"   [8]>",
    "<Comma        \",\"           [8]>",
    "<Identifier   \"s_conc\"      [8]>",
    "<Dot          \".\"           [8]>",
    "<Identifier   \"i\"           [8]>",
    "<RightParen   \")\"           [8]>",
    "<Semicolon    \";\"           [8]>",
    "<Var          \"let\"         [9]>",
    "<Identifier   \"s_conc2\"     [9]>",
    "<Colon        \":\"           [9]>",
    "<Struct       \"struct\"      [9]>",
    "<Identifier   \"s\"           [9]>",
    "<Less         \"<\"           [9]>",
    "<SimpleType   \"int\"         [9]>",
    "<Comma        \",\"           [9]>",
    "<SimpleType   \"float\"       [9]>",
    "<Greater      \">\"           [9]>",
    "<Semicolon    \";\"           [9]>",
    "<Identifier   \"s_conc2\"     [10]>",
    "<Dot          \".\"           [10]>",
    "<Identifier   \"i\"           [10]>",
    "<Equal        \"=\"           [10]>",
    "<Number       \"6\"           [10]>",
    "<Semicolon    \";\"           [10]>",
    "<Identifier   \"printf\"      [11]>",
    "<LeftParen    \"(\"           [11]>",
    "<String       \"\\\"%d\\\\n\\\"\"   [11]>",
    "<Comma        \",\"           [11]>",
    "<Identifier   \"s_conc2\"     [11]>",
    "<Dot          \".\"           [11]>",
    "<Identifier   \"i\"           [11]>",
    "<RightParen   \")\"           [11]>",
    "<Semicolon    \";\"           [11]>",
    "<Return       \"return\"      [12]>",
    "<Number       \"0\"           [12]>",
    "<Semicolon    \";\"           [12]>",
    "<RightBrace   \"}\"           [13]>",
    "<Eof          \"\"            [13]>",
]
