---
source: tests/mod.rs
expression: "std::str::from_utf8(&out).unwrap()"
---
global *0 global *40:0
0
0
0
-----
1
1
1
-----
2
1
1
-----
3
2
2
-----
4
3
3
-----
5
5
5
-----
6
8
8
-----
7
13
13
-----
8
21
21
-----
9
34
34
-----
10
55
55
-----
11
89
89
-----
12
144
144
-----
13
233
233
-----
14
377
377
-----
