---
source: tests/mod.rs
expression: "std::str::from_utf8(&out).unwrap()"
---
Test
Hello World
