---
source: tests/mod.rs
expression: "std::str::from_utf8(&out).unwrap()"
---
1
2
1
0
global *2 global *67:0
global *2 global *67:0
global *3 global *91:0
global *3 global *91:0
local *7 global *67:0
local *8 global *91:0
local *7 global *67:0
local *8 global *91:0
1
3
6
7
6
4
1
0
