---
source: src/reg_compiler/tests.rs
expression: err
---
[compiler] error at src/reg_compiler/emit_ssa/expressions.rs[LINE] - [line 1] Branches must have the same type.
