---
source: src/reg_compiler/tests.rs
expression: err
---
[compiler] error at src/reg_compiler/emit_ssa/declarations.rs[LINE] - Type mismatch, expected fn([i64, i64, i64], 0) got i64
